// Jest Snapshot v1, https://goo.gl/fbAQLP

exports[`Center Card Component renders component successfully 1`] = `
ShallowWrapper {
  "length": 1,
  Symbol(enzyme.__root__): [Circular],
  Symbol(enzyme.__unrendered__): <EventsCard
    cancelEvent={[MockFunction]}
    center=""
    date=""
    email=""
    event={
      Object {
        "Center": Object {},
      }
    }
    eventType=""
    getAllCenters={[MockFunction]}
    handleCancel={[MockFunction]}
  />,
  Symbol(enzyme.__renderer__): Object {
    "batchedUpdates": [Function],
    "getNode": [Function],
    "render": [Function],
    "simulateEvent": [Function],
    "unmount": [Function],
  },
  Symbol(enzyme.__node__): Object {
    "instance": null,
    "key": undefined,
    "nodeType": "host",
    "props": Object {
      "children": <Col
        m={4}
        s={10}
      >
        <div
          className="card elegant-color white-text"
          style={
            Object {
              "borderRadius": "10%",
              "height": "200px",
              "padding": "5%",
              "width": "18rem",
            }
          }
        >
          <div
            className="card-body"
          >
            <h5
              className="card-title white-text"
            />
            <h6
              className="card-subtitle mb-2 text-muted white-text"
            >
              @ undefined
            </h6>
            <p
              className="card-text white-text"
            />
            <p
              className="card-text white-text"
            >
              Estimated guest No.: 
            </p>
          </div>
          <button
            className="btn btn-danger btn-sm btn-rounded"
            onClick={[Function]}
          >
            Cancel
          </button>
        </div>
      </Col>,
      "style": Object {
        "display": "inlineBlock",
        "float": "left",
        "margin": "1%",
      },
    },
    "ref": null,
    "rendered": Object {
      "instance": null,
      "key": undefined,
      "nodeType": "function",
      "props": Object {
        "children": <div
          className="card elegant-color white-text"
          style={
            Object {
              "borderRadius": "10%",
              "height": "200px",
              "padding": "5%",
              "width": "18rem",
            }
          }
        >
          <div
            className="card-body"
          >
            <h5
              className="card-title white-text"
            />
            <h6
              className="card-subtitle mb-2 text-muted white-text"
            >
              @ undefined
            </h6>
            <p
              className="card-text white-text"
            />
            <p
              className="card-text white-text"
            >
              Estimated guest No.: 
            </p>
          </div>
          <button
            className="btn btn-danger btn-sm btn-rounded"
            onClick={[Function]}
          >
            Cancel
          </button>
        </div>,
        "m": 4,
        "s": 10,
      },
      "ref": null,
      "rendered": Object {
        "instance": null,
        "key": undefined,
        "nodeType": "host",
        "props": Object {
          "children": Array [
            <div
              className="card-body"
            >
              <h5
                className="card-title white-text"
              />
              <h6
                className="card-subtitle mb-2 text-muted white-text"
              >
                @ undefined
              </h6>
              <p
                className="card-text white-text"
              />
              <p
                className="card-text white-text"
              >
                Estimated guest No.: 
              </p>
            </div>,
            <button
              className="btn btn-danger btn-sm btn-rounded"
              onClick={[Function]}
            >
              Cancel
            </button>,
          ],
          "className": "card elegant-color white-text",
          "style": Object {
            "borderRadius": "10%",
            "height": "200px",
            "padding": "5%",
            "width": "18rem",
          },
        },
        "ref": null,
        "rendered": Array [
          Object {
            "instance": null,
            "key": undefined,
            "nodeType": "host",
            "props": Object {
              "children": Array [
                <h5
                  className="card-title white-text"
                />,
                <h6
                  className="card-subtitle mb-2 text-muted white-text"
                >
                  @ undefined
                </h6>,
                <p
                  className="card-text white-text"
                />,
                <p
                  className="card-text white-text"
                >
                  Estimated guest No.: 
                </p>,
              ],
              "className": "card-body",
            },
            "ref": null,
            "rendered": Array [
              Object {
                "instance": null,
                "key": undefined,
                "nodeType": "host",
                "props": Object {
                  "children": undefined,
                  "className": "card-title white-text",
                },
                "ref": null,
                "rendered": null,
                "type": "h5",
              },
              Object {
                "instance": null,
                "key": undefined,
                "nodeType": "host",
                "props": Object {
                  "children": "@ undefined",
                  "className": "card-subtitle mb-2 text-muted white-text",
                },
                "ref": null,
                "rendered": "@ undefined",
                "type": "h6",
              },
              Object {
                "instance": null,
                "key": undefined,
                "nodeType": "host",
                "props": Object {
                  "children": undefined,
                  "className": "card-text white-text",
                },
                "ref": null,
                "rendered": null,
                "type": "p",
              },
              Object {
                "instance": null,
                "key": undefined,
                "nodeType": "host",
                "props": Object {
                  "children": Array [
                    "Estimated guest No.: ",
                    undefined,
                  ],
                  "className": "card-text white-text",
                },
                "ref": null,
                "rendered": Array [
                  "Estimated guest No.: ",
                  undefined,
                ],
                "type": "p",
              },
            ],
            "type": "div",
          },
          Object {
            "instance": null,
            "key": undefined,
            "nodeType": "host",
            "props": Object {
              "children": "Cancel",
              "className": "btn btn-danger btn-sm btn-rounded",
              "onClick": [Function],
            },
            "ref": null,
            "rendered": "Cancel",
            "type": "button",
          },
        ],
        "type": "div",
      },
      "type": [Function],
    },
    "type": "div",
  },
  Symbol(enzyme.__nodes__): Array [
    Object {
      "instance": null,
      "key": undefined,
      "nodeType": "host",
      "props": Object {
        "children": <Col
          m={4}
          s={10}
        >
          <div
            className="card elegant-color white-text"
            style={
              Object {
                "borderRadius": "10%",
                "height": "200px",
                "padding": "5%",
                "width": "18rem",
              }
            }
          >
            <div
              className="card-body"
            >
              <h5
                className="card-title white-text"
              />
              <h6
                className="card-subtitle mb-2 text-muted white-text"
              >
                @ undefined
              </h6>
              <p
                className="card-text white-text"
              />
              <p
                className="card-text white-text"
              >
                Estimated guest No.: 
              </p>
            </div>
            <button
              className="btn btn-danger btn-sm btn-rounded"
              onClick={[Function]}
            >
              Cancel
            </button>
          </div>
        </Col>,
        "style": Object {
          "display": "inlineBlock",
          "float": "left",
          "margin": "1%",
        },
      },
      "ref": null,
      "rendered": Object {
        "instance": null,
        "key": undefined,
        "nodeType": "function",
        "props": Object {
          "children": <div
            className="card elegant-color white-text"
            style={
              Object {
                "borderRadius": "10%",
                "height": "200px",
                "padding": "5%",
                "width": "18rem",
              }
            }
          >
            <div
              className="card-body"
            >
              <h5
                className="card-title white-text"
              />
              <h6
                className="card-subtitle mb-2 text-muted white-text"
              >
                @ undefined
              </h6>
              <p
                className="card-text white-text"
              />
              <p
                className="card-text white-text"
              >
                Estimated guest No.: 
              </p>
            </div>
            <button
              className="btn btn-danger btn-sm btn-rounded"
              onClick={[Function]}
            >
              Cancel
            </button>
          </div>,
          "m": 4,
          "s": 10,
        },
        "ref": null,
        "rendered": Object {
          "instance": null,
          "key": undefined,
          "nodeType": "host",
          "props": Object {
            "children": Array [
              <div
                className="card-body"
              >
                <h5
                  className="card-title white-text"
                />
                <h6
                  className="card-subtitle mb-2 text-muted white-text"
                >
                  @ undefined
                </h6>
                <p
                  className="card-text white-text"
                />
                <p
                  className="card-text white-text"
                >
                  Estimated guest No.: 
                </p>
              </div>,
              <button
                className="btn btn-danger btn-sm btn-rounded"
                onClick={[Function]}
              >
                Cancel
              </button>,
            ],
            "className": "card elegant-color white-text",
            "style": Object {
              "borderRadius": "10%",
              "height": "200px",
              "padding": "5%",
              "width": "18rem",
            },
          },
          "ref": null,
          "rendered": Array [
            Object {
              "instance": null,
              "key": undefined,
              "nodeType": "host",
              "props": Object {
                "children": Array [
                  <h5
                    className="card-title white-text"
                  />,
                  <h6
                    className="card-subtitle mb-2 text-muted white-text"
                  >
                    @ undefined
                  </h6>,
                  <p
                    className="card-text white-text"
                  />,
                  <p
                    className="card-text white-text"
                  >
                    Estimated guest No.: 
                  </p>,
                ],
                "className": "card-body",
              },
              "ref": null,
              "rendered": Array [
                Object {
                  "instance": null,
                  "key": undefined,
                  "nodeType": "host",
                  "props": Object {
                    "children": undefined,
                    "className": "card-title white-text",
                  },
                  "ref": null,
                  "rendered": null,
                  "type": "h5",
                },
                Object {
                  "instance": null,
                  "key": undefined,
                  "nodeType": "host",
                  "props": Object {
                    "children": "@ undefined",
                    "className": "card-subtitle mb-2 text-muted white-text",
                  },
                  "ref": null,
                  "rendered": "@ undefined",
                  "type": "h6",
                },
                Object {
                  "instance": null,
                  "key": undefined,
                  "nodeType": "host",
                  "props": Object {
                    "children": undefined,
                    "className": "card-text white-text",
                  },
                  "ref": null,
                  "rendered": null,
                  "type": "p",
                },
                Object {
                  "instance": null,
                  "key": undefined,
                  "nodeType": "host",
                  "props": Object {
                    "children": Array [
                      "Estimated guest No.: ",
                      undefined,
                    ],
                    "className": "card-text white-text",
                  },
                  "ref": null,
                  "rendered": Array [
                    "Estimated guest No.: ",
                    undefined,
                  ],
                  "type": "p",
                },
              ],
              "type": "div",
            },
            Object {
              "instance": null,
              "key": undefined,
              "nodeType": "host",
              "props": Object {
                "children": "Cancel",
                "className": "btn btn-danger btn-sm btn-rounded",
                "onClick": [Function],
              },
              "ref": null,
              "rendered": "Cancel",
              "type": "button",
            },
          ],
          "type": "div",
        },
        "type": [Function],
      },
      "type": "div",
    },
  ],
  Symbol(enzyme.__options__): Object {
    "adapter": ReactSixteenAdapter {
      "options": Object {
        "enableComponentDidUpdateOnSetState": true,
      },
    },
  },
}
`;
