// Jest Snapshot v1, https://goo.gl/fbAQLP

exports[`Admin Events Component component successfully rendered 1`] = `
ShallowWrapper {
  "length": 1,
  Symbol(enzyme.__root__): [Circular],
  Symbol(enzyme.__unrendered__): <AllEvents
    allEvents={
      Object {
        "events": Array [
          undefined,
        ],
        "moreEvents": true,
      }
    }
    cancelEvent={[MockFunction]}
    getAllEvents={
      [MockFunction] {
        "calls": Array [
          Array [
            1,
            6,
          ],
        ],
        "results": Array [
          Object {
            "isThrow": false,
            "value": Promise {},
          },
        ],
      }
    }
  />,
  Symbol(enzyme.__renderer__): Object {
    "batchedUpdates": [Function],
    "getNode": [Function],
    "render": [Function],
    "simulateEvent": [Function],
    "unmount": [Function],
  },
  Symbol(enzyme.__node__): Object {
    "instance": null,
    "key": undefined,
    "nodeType": "host",
    "props": Object {
      "children": Array [
        <h3>
          All Events and details.
        </h3>,
        <div>
          There are no events booked.
          <ScrollUp
            duration={250}
            easing="easeOutCubic"
            showUnder={100}
            style={
              Object {
                "bottom": 50,
                "cursor": "pointer",
                "position": "fixed",
                "right": 30,
                "transitionDelay": "0s",
                "transitionDuration": "0.2s",
                "transitionTimingFunction": "linear",
              }
            }
            topPosition={0}
          >
            <button
              className="btn btn-floating btn-rounded waves-effect"
              type="button"
            >
              TOP
            </button>
          </ScrollUp>
          <br />
          <br />
        </div>,
      ],
    },
    "ref": null,
    "rendered": Array [
      Object {
        "instance": null,
        "key": undefined,
        "nodeType": "host",
        "props": Object {
          "children": "All Events and details.",
        },
        "ref": null,
        "rendered": "All Events and details.",
        "type": "h3",
      },
      Object {
        "instance": null,
        "key": undefined,
        "nodeType": "host",
        "props": Object {
          "children": Array [
            "There are no events booked.",
            false,
            <ScrollUp
              duration={250}
              easing="easeOutCubic"
              showUnder={100}
              style={
                Object {
                  "bottom": 50,
                  "cursor": "pointer",
                  "position": "fixed",
                  "right": 30,
                  "transitionDelay": "0s",
                  "transitionDuration": "0.2s",
                  "transitionTimingFunction": "linear",
                }
              }
              topPosition={0}
            >
              <button
                className="btn btn-floating btn-rounded waves-effect"
                type="button"
              >
                TOP
              </button>
            </ScrollUp>,
            undefined,
            <br />,
            <br />,
          ],
        },
        "ref": null,
        "rendered": Array [
          "There are no events booked.",
          false,
          Object {
            "instance": null,
            "key": undefined,
            "nodeType": "class",
            "props": Object {
              "children": <button
                className="btn btn-floating btn-rounded waves-effect"
                type="button"
              >
                TOP
              </button>,
              "duration": 250,
              "easing": "easeOutCubic",
              "showUnder": 100,
              "style": Object {
                "bottom": 50,
                "cursor": "pointer",
                "position": "fixed",
                "right": 30,
                "transitionDelay": "0s",
                "transitionDuration": "0.2s",
                "transitionTimingFunction": "linear",
              },
              "topPosition": 0,
            },
            "ref": null,
            "rendered": Object {
              "instance": null,
              "key": undefined,
              "nodeType": "host",
              "props": Object {
                "children": "TOP",
                "className": "btn btn-floating btn-rounded waves-effect",
                "type": "button",
              },
              "ref": null,
              "rendered": "TOP",
              "type": "button",
            },
            "type": [Function],
          },
          undefined,
          Object {
            "instance": null,
            "key": undefined,
            "nodeType": "host",
            "props": Object {},
            "ref": null,
            "rendered": null,
            "type": "br",
          },
          Object {
            "instance": null,
            "key": undefined,
            "nodeType": "host",
            "props": Object {},
            "ref": null,
            "rendered": null,
            "type": "br",
          },
        ],
        "type": "div",
      },
    ],
    "type": "div",
  },
  Symbol(enzyme.__nodes__): Array [
    Object {
      "instance": null,
      "key": undefined,
      "nodeType": "host",
      "props": Object {
        "children": Array [
          <h3>
            All Events and details.
          </h3>,
          <div>
            There are no events booked.
            <ScrollUp
              duration={250}
              easing="easeOutCubic"
              showUnder={100}
              style={
                Object {
                  "bottom": 50,
                  "cursor": "pointer",
                  "position": "fixed",
                  "right": 30,
                  "transitionDelay": "0s",
                  "transitionDuration": "0.2s",
                  "transitionTimingFunction": "linear",
                }
              }
              topPosition={0}
            >
              <button
                className="btn btn-floating btn-rounded waves-effect"
                type="button"
              >
                TOP
              </button>
            </ScrollUp>
            <br />
            <br />
          </div>,
        ],
      },
      "ref": null,
      "rendered": Array [
        Object {
          "instance": null,
          "key": undefined,
          "nodeType": "host",
          "props": Object {
            "children": "All Events and details.",
          },
          "ref": null,
          "rendered": "All Events and details.",
          "type": "h3",
        },
        Object {
          "instance": null,
          "key": undefined,
          "nodeType": "host",
          "props": Object {
            "children": Array [
              "There are no events booked.",
              false,
              <ScrollUp
                duration={250}
                easing="easeOutCubic"
                showUnder={100}
                style={
                  Object {
                    "bottom": 50,
                    "cursor": "pointer",
                    "position": "fixed",
                    "right": 30,
                    "transitionDelay": "0s",
                    "transitionDuration": "0.2s",
                    "transitionTimingFunction": "linear",
                  }
                }
                topPosition={0}
              >
                <button
                  className="btn btn-floating btn-rounded waves-effect"
                  type="button"
                >
                  TOP
                </button>
              </ScrollUp>,
              undefined,
              <br />,
              <br />,
            ],
          },
          "ref": null,
          "rendered": Array [
            "There are no events booked.",
            false,
            Object {
              "instance": null,
              "key": undefined,
              "nodeType": "class",
              "props": Object {
                "children": <button
                  className="btn btn-floating btn-rounded waves-effect"
                  type="button"
                >
                  TOP
                </button>,
                "duration": 250,
                "easing": "easeOutCubic",
                "showUnder": 100,
                "style": Object {
                  "bottom": 50,
                  "cursor": "pointer",
                  "position": "fixed",
                  "right": 30,
                  "transitionDelay": "0s",
                  "transitionDuration": "0.2s",
                  "transitionTimingFunction": "linear",
                },
                "topPosition": 0,
              },
              "ref": null,
              "rendered": Object {
                "instance": null,
                "key": undefined,
                "nodeType": "host",
                "props": Object {
                  "children": "TOP",
                  "className": "btn btn-floating btn-rounded waves-effect",
                  "type": "button",
                },
                "ref": null,
                "rendered": "TOP",
                "type": "button",
              },
              "type": [Function],
            },
            undefined,
            Object {
              "instance": null,
              "key": undefined,
              "nodeType": "host",
              "props": Object {},
              "ref": null,
              "rendered": null,
              "type": "br",
            },
            Object {
              "instance": null,
              "key": undefined,
              "nodeType": "host",
              "props": Object {},
              "ref": null,
              "rendered": null,
              "type": "br",
            },
          ],
          "type": "div",
        },
      ],
      "type": "div",
    },
  ],
  Symbol(enzyme.__options__): Object {
    "adapter": ReactSixteenAdapter {
      "options": Object {
        "enableComponentDidUpdateOnSetState": true,
      },
    },
  },
}
`;
