// Jest Snapshot v1, https://goo.gl/fbAQLP

exports[`Center Component component successfully rendered 1`] = `
ShallowWrapper {
  "length": 1,
  Symbol(enzyme.__root__): [Circular],
  Symbol(enzyme.__unrendered__): <AllCenters
    allCenters={Object {}}
    getAllCenters={
      [MockFunction] {
        "calls": Array [
          Array [
            1,
            6,
          ],
        ],
        "results": Array [
          Object {
            "isThrow": false,
            "value": Promise {},
          },
        ],
      }
    }
  />,
  Symbol(enzyme.__renderer__): Object {
    "batchedUpdates": [Function],
    "getNode": [Function],
    "render": [Function],
    "simulateEvent": [Function],
    "unmount": [Function],
  },
  Symbol(enzyme.__node__): Object {
    "instance": null,
    "key": undefined,
    "nodeType": "host",
    "props": Object {
      "children": <div>
        <h3>
          All centers and details.
        </h3>
        <div
          className="center"
        >
          <Connect(Search) />
           
          <br />
           
          <br />
        </div>
        <div>
           
          There are no registered centers.
          <button
            className="btn btn-primary active"
            id="loadMore"
            onClick={[Function]}
          >
            Load More
          </button>
          <br />
          <br />
        </div>
      </div>,
    },
    "ref": null,
    "rendered": Object {
      "instance": null,
      "key": undefined,
      "nodeType": "host",
      "props": Object {
        "children": Array [
          <h3>
            All centers and details.
          </h3>,
          <div
            className="center"
          >
            <Connect(Search) />
             
            <br />
             
            <br />
          </div>,
          <div>
             
            There are no registered centers.
            <button
              className="btn btn-primary active"
              id="loadMore"
              onClick={[Function]}
            >
              Load More
            </button>
            <br />
            <br />
          </div>,
        ],
      },
      "ref": null,
      "rendered": Array [
        Object {
          "instance": null,
          "key": undefined,
          "nodeType": "host",
          "props": Object {
            "children": "All centers and details.",
          },
          "ref": null,
          "rendered": "All centers and details.",
          "type": "h3",
        },
        Object {
          "instance": null,
          "key": undefined,
          "nodeType": "host",
          "props": Object {
            "children": Array [
              <Connect(Search) />,
              " ",
              <br />,
              " ",
              <br />,
            ],
            "className": "center",
          },
          "ref": null,
          "rendered": Array [
            Object {
              "instance": null,
              "key": undefined,
              "nodeType": "class",
              "props": Object {},
              "ref": null,
              "rendered": null,
              "type": [Function],
            },
            " ",
            Object {
              "instance": null,
              "key": undefined,
              "nodeType": "host",
              "props": Object {},
              "ref": null,
              "rendered": null,
              "type": "br",
            },
            " ",
            Object {
              "instance": null,
              "key": undefined,
              "nodeType": "host",
              "props": Object {},
              "ref": null,
              "rendered": null,
              "type": "br",
            },
          ],
          "type": "div",
        },
        Object {
          "instance": null,
          "key": undefined,
          "nodeType": "host",
          "props": Object {
            "children": Array [
              " ",
              "There are no registered centers.",
              false,
              <button
                className="btn btn-primary active"
                id="loadMore"
                onClick={[Function]}
              >
                Load More
              </button>,
              <br />,
              <br />,
            ],
          },
          "ref": null,
          "rendered": Array [
            " ",
            "There are no registered centers.",
            false,
            Object {
              "instance": null,
              "key": undefined,
              "nodeType": "host",
              "props": Object {
                "children": "Load More",
                "className": "btn btn-primary active",
                "id": "loadMore",
                "onClick": [Function],
              },
              "ref": null,
              "rendered": "Load More",
              "type": "button",
            },
            Object {
              "instance": null,
              "key": undefined,
              "nodeType": "host",
              "props": Object {},
              "ref": null,
              "rendered": null,
              "type": "br",
            },
            Object {
              "instance": null,
              "key": undefined,
              "nodeType": "host",
              "props": Object {},
              "ref": null,
              "rendered": null,
              "type": "br",
            },
          ],
          "type": "div",
        },
      ],
      "type": "div",
    },
    "type": "div",
  },
  Symbol(enzyme.__nodes__): Array [
    Object {
      "instance": null,
      "key": undefined,
      "nodeType": "host",
      "props": Object {
        "children": <div>
          <h3>
            All centers and details.
          </h3>
          <div
            className="center"
          >
            <Connect(Search) />
             
            <br />
             
            <br />
          </div>
          <div>
             
            There are no registered centers.
            <button
              className="btn btn-primary active"
              id="loadMore"
              onClick={[Function]}
            >
              Load More
            </button>
            <br />
            <br />
          </div>
        </div>,
      },
      "ref": null,
      "rendered": Object {
        "instance": null,
        "key": undefined,
        "nodeType": "host",
        "props": Object {
          "children": Array [
            <h3>
              All centers and details.
            </h3>,
            <div
              className="center"
            >
              <Connect(Search) />
               
              <br />
               
              <br />
            </div>,
            <div>
               
              There are no registered centers.
              <button
                className="btn btn-primary active"
                id="loadMore"
                onClick={[Function]}
              >
                Load More
              </button>
              <br />
              <br />
            </div>,
          ],
        },
        "ref": null,
        "rendered": Array [
          Object {
            "instance": null,
            "key": undefined,
            "nodeType": "host",
            "props": Object {
              "children": "All centers and details.",
            },
            "ref": null,
            "rendered": "All centers and details.",
            "type": "h3",
          },
          Object {
            "instance": null,
            "key": undefined,
            "nodeType": "host",
            "props": Object {
              "children": Array [
                <Connect(Search) />,
                " ",
                <br />,
                " ",
                <br />,
              ],
              "className": "center",
            },
            "ref": null,
            "rendered": Array [
              Object {
                "instance": null,
                "key": undefined,
                "nodeType": "class",
                "props": Object {},
                "ref": null,
                "rendered": null,
                "type": [Function],
              },
              " ",
              Object {
                "instance": null,
                "key": undefined,
                "nodeType": "host",
                "props": Object {},
                "ref": null,
                "rendered": null,
                "type": "br",
              },
              " ",
              Object {
                "instance": null,
                "key": undefined,
                "nodeType": "host",
                "props": Object {},
                "ref": null,
                "rendered": null,
                "type": "br",
              },
            ],
            "type": "div",
          },
          Object {
            "instance": null,
            "key": undefined,
            "nodeType": "host",
            "props": Object {
              "children": Array [
                " ",
                "There are no registered centers.",
                false,
                <button
                  className="btn btn-primary active"
                  id="loadMore"
                  onClick={[Function]}
                >
                  Load More
                </button>,
                <br />,
                <br />,
              ],
            },
            "ref": null,
            "rendered": Array [
              " ",
              "There are no registered centers.",
              false,
              Object {
                "instance": null,
                "key": undefined,
                "nodeType": "host",
                "props": Object {
                  "children": "Load More",
                  "className": "btn btn-primary active",
                  "id": "loadMore",
                  "onClick": [Function],
                },
                "ref": null,
                "rendered": "Load More",
                "type": "button",
              },
              Object {
                "instance": null,
                "key": undefined,
                "nodeType": "host",
                "props": Object {},
                "ref": null,
                "rendered": null,
                "type": "br",
              },
              Object {
                "instance": null,
                "key": undefined,
                "nodeType": "host",
                "props": Object {},
                "ref": null,
                "rendered": null,
                "type": "br",
              },
            ],
            "type": "div",
          },
        ],
        "type": "div",
      },
      "type": "div",
    },
  ],
  Symbol(enzyme.__options__): Object {
    "adapter": ReactSixteenAdapter {
      "options": Object {
        "enableComponentDidUpdateOnSetState": true,
      },
    },
  },
}
`;
