// Jest Snapshot v1, https://goo.gl/fbAQLP

exports[`Admin Centers Component component successfully rendered 1`] = `
ShallowWrapper {
  "length": 1,
  Symbol(enzyme.__root__): [Circular],
  Symbol(enzyme.__unrendered__): <CreateCenter
    createCenter={[MockFunction]}
    createError=""
    createSuccess=""
  />,
  Symbol(enzyme.__renderer__): Object {
    "batchedUpdates": [Function],
    "getNode": [Function],
    "render": [Function],
    "simulateEvent": [Function],
    "unmount": [Function],
  },
  Symbol(enzyme.__node__): Object {
    "instance": null,
    "key": undefined,
    "nodeType": "host",
    "props": Object {
      "children": Array [
        <h4
          className="center"
        >
          Add Center Information
        </h4>,
        false,
        <CenterForm
          addressValue=""
          centerNameValue=""
          cityValue=""
          createCenter={[Function]}
          errors={Object {}}
          facilityValue=""
          onChange={[Function]}
          onFocus={[Function]}
          uploadImage={[Function]}
        />,
      ],
    },
    "ref": null,
    "rendered": Array [
      Object {
        "instance": null,
        "key": undefined,
        "nodeType": "host",
        "props": Object {
          "children": "Add Center Information",
          "className": "center",
        },
        "ref": null,
        "rendered": "Add Center Information",
        "type": "h4",
      },
      false,
      Object {
        "instance": null,
        "key": undefined,
        "nodeType": "function",
        "props": Object {
          "addressValue": "",
          "capacityValue": undefined,
          "centerNameValue": "",
          "cityValue": "",
          "createCenter": [Function],
          "errors": Object {},
          "facilityValue": "",
          "onChange": [Function],
          "onFocus": [Function],
          "uploadImage": [Function],
        },
        "ref": null,
        "rendered": null,
        "type": [Function],
      },
    ],
    "type": "div",
  },
  Symbol(enzyme.__nodes__): Array [
    Object {
      "instance": null,
      "key": undefined,
      "nodeType": "host",
      "props": Object {
        "children": Array [
          <h4
            className="center"
          >
            Add Center Information
          </h4>,
          false,
          <CenterForm
            addressValue=""
            centerNameValue=""
            cityValue=""
            createCenter={[Function]}
            errors={Object {}}
            facilityValue=""
            onChange={[Function]}
            onFocus={[Function]}
            uploadImage={[Function]}
          />,
        ],
      },
      "ref": null,
      "rendered": Array [
        Object {
          "instance": null,
          "key": undefined,
          "nodeType": "host",
          "props": Object {
            "children": "Add Center Information",
            "className": "center",
          },
          "ref": null,
          "rendered": "Add Center Information",
          "type": "h4",
        },
        false,
        Object {
          "instance": null,
          "key": undefined,
          "nodeType": "function",
          "props": Object {
            "addressValue": "",
            "capacityValue": undefined,
            "centerNameValue": "",
            "cityValue": "",
            "createCenter": [Function],
            "errors": Object {},
            "facilityValue": "",
            "onChange": [Function],
            "onFocus": [Function],
            "uploadImage": [Function],
          },
          "ref": null,
          "rendered": null,
          "type": [Function],
        },
      ],
      "type": "div",
    },
  ],
  Symbol(enzyme.__options__): Object {
    "adapter": ReactSixteenAdapter {
      "options": Object {
        "enableComponentDidUpdateOnSetState": true,
      },
    },
  },
}
`;
