// Jest Snapshot v1, https://goo.gl/fbAQLP

exports[`Logout Component renders component successfully 1`] = `
ShallowWrapper {
  "length": 1,
  Symbol(enzyme.__root__): [Circular],
  Symbol(enzyme.__unrendered__): <Header
    history={
      Object {
        "push": [MockFunction],
      }
    }
    logOut={[MockFunction]}
    login={
      Object {
        "isAuthenticated": false,
        "user": Object {},
      }
    }
  />,
  Symbol(enzyme.__renderer__): Object {
    "batchedUpdates": [Function],
    "getNode": [Function],
    "render": [Function],
    "simulateEvent": [Function],
    "unmount": [Function],
  },
  Symbol(enzyme.__node__): Object {
    "instance": null,
    "key": undefined,
    "nodeType": "host",
    "props": Object {
      "children": <nav
        className="indigo"
      >
        <div
          className="nav-wrapper "
        >
          <Link
            className="left"
            replace={false}
            style={
              Object {
                "color": "white",
                "fontSize": "30px",
                "paddingLeft": "10px",
                "textDecoration": "none",
              }
            }
            to="/"
          >
            The Events Manager
          </Link>
          <ul
            className="right hide-on-med-and-down"
            style={
              Object {
                "paddingRight": "20px",
              }
            }
          >
            <li>
              <Link
                replace={false}
                to="/"
              >
                Home
              </Link>
            </li>
            <li>
              <Link
                replace={false}
                to="/contact-us"
              >
                Contact Us
              </Link>
            </li>
            <div
              className="btn-group"
            >
              <li>
                <Link
                  replace={false}
                  to="/login"
                >
                  <button
                    className="btn-success btn-sm"
                    type="button"
                  >
                    Login
                  </button>
                </Link>
              </li>
              <li>
                <Link
                  replace={false}
                  to="/register"
                >
                  <button
                    className="btn-primary btn-sm"
                    type="button"
                  >
                    Register
                  </button>
                </Link>
              </li>
            </div>
          </ul>
        </div>
      </nav>,
    },
    "ref": null,
    "rendered": Object {
      "instance": null,
      "key": undefined,
      "nodeType": "host",
      "props": Object {
        "children": <div
          className="nav-wrapper "
        >
          <Link
            className="left"
            replace={false}
            style={
              Object {
                "color": "white",
                "fontSize": "30px",
                "paddingLeft": "10px",
                "textDecoration": "none",
              }
            }
            to="/"
          >
            The Events Manager
          </Link>
          <ul
            className="right hide-on-med-and-down"
            style={
              Object {
                "paddingRight": "20px",
              }
            }
          >
            <li>
              <Link
                replace={false}
                to="/"
              >
                Home
              </Link>
            </li>
            <li>
              <Link
                replace={false}
                to="/contact-us"
              >
                Contact Us
              </Link>
            </li>
            <div
              className="btn-group"
            >
              <li>
                <Link
                  replace={false}
                  to="/login"
                >
                  <button
                    className="btn-success btn-sm"
                    type="button"
                  >
                    Login
                  </button>
                </Link>
              </li>
              <li>
                <Link
                  replace={false}
                  to="/register"
                >
                  <button
                    className="btn-primary btn-sm"
                    type="button"
                  >
                    Register
                  </button>
                </Link>
              </li>
            </div>
          </ul>
        </div>,
        "className": "indigo",
      },
      "ref": null,
      "rendered": Object {
        "instance": null,
        "key": undefined,
        "nodeType": "host",
        "props": Object {
          "children": Array [
            <Link
              className="left"
              replace={false}
              style={
                Object {
                  "color": "white",
                  "fontSize": "30px",
                  "paddingLeft": "10px",
                  "textDecoration": "none",
                }
              }
              to="/"
            >
              The Events Manager
            </Link>,
            <ul
              className="right hide-on-med-and-down"
              style={
                Object {
                  "paddingRight": "20px",
                }
              }
            >
              <li>
                <Link
                  replace={false}
                  to="/"
                >
                  Home
                </Link>
              </li>
              <li>
                <Link
                  replace={false}
                  to="/contact-us"
                >
                  Contact Us
                </Link>
              </li>
              <div
                className="btn-group"
              >
                <li>
                  <Link
                    replace={false}
                    to="/login"
                  >
                    <button
                      className="btn-success btn-sm"
                      type="button"
                    >
                      Login
                    </button>
                  </Link>
                </li>
                <li>
                  <Link
                    replace={false}
                    to="/register"
                  >
                    <button
                      className="btn-primary btn-sm"
                      type="button"
                    >
                      Register
                    </button>
                  </Link>
                </li>
              </div>
            </ul>,
          ],
          "className": "nav-wrapper ",
        },
        "ref": null,
        "rendered": Array [
          Object {
            "instance": null,
            "key": undefined,
            "nodeType": "class",
            "props": Object {
              "children": "The Events Manager",
              "className": "left",
              "replace": false,
              "style": Object {
                "color": "white",
                "fontSize": "30px",
                "paddingLeft": "10px",
                "textDecoration": "none",
              },
              "to": "/",
            },
            "ref": null,
            "rendered": "The Events Manager",
            "type": [Function],
          },
          Object {
            "instance": null,
            "key": undefined,
            "nodeType": "host",
            "props": Object {
              "children": Array [
                <li>
                  <Link
                    replace={false}
                    to="/"
                  >
                    Home
                  </Link>
                </li>,
                <li>
                  <Link
                    replace={false}
                    to="/contact-us"
                  >
                    Contact Us
                  </Link>
                </li>,
                undefined,
                <div
                  className="btn-group"
                >
                  <li>
                    <Link
                      replace={false}
                      to="/login"
                    >
                      <button
                        className="btn-success btn-sm"
                        type="button"
                      >
                        Login
                      </button>
                    </Link>
                  </li>
                  <li>
                    <Link
                      replace={false}
                      to="/register"
                    >
                      <button
                        className="btn-primary btn-sm"
                        type="button"
                      >
                        Register
                      </button>
                    </Link>
                  </li>
                </div>,
              ],
              "className": "right hide-on-med-and-down",
              "style": Object {
                "paddingRight": "20px",
              },
            },
            "ref": null,
            "rendered": Array [
              Object {
                "instance": null,
                "key": undefined,
                "nodeType": "host",
                "props": Object {
                  "children": <Link
                    replace={false}
                    to="/"
                  >
                    Home
                  </Link>,
                },
                "ref": null,
                "rendered": Object {
                  "instance": null,
                  "key": undefined,
                  "nodeType": "class",
                  "props": Object {
                    "children": "Home",
                    "replace": false,
                    "to": "/",
                  },
                  "ref": null,
                  "rendered": "Home",
                  "type": [Function],
                },
                "type": "li",
              },
              Object {
                "instance": null,
                "key": undefined,
                "nodeType": "host",
                "props": Object {
                  "children": <Link
                    replace={false}
                    to="/contact-us"
                  >
                    Contact Us
                  </Link>,
                },
                "ref": null,
                "rendered": Object {
                  "instance": null,
                  "key": undefined,
                  "nodeType": "class",
                  "props": Object {
                    "children": "Contact Us",
                    "replace": false,
                    "to": "/contact-us",
                  },
                  "ref": null,
                  "rendered": "Contact Us",
                  "type": [Function],
                },
                "type": "li",
              },
              undefined,
              Object {
                "instance": null,
                "key": undefined,
                "nodeType": "host",
                "props": Object {
                  "children": Array [
                    <li>
                      <Link
                        replace={false}
                        to="/login"
                      >
                        <button
                          className="btn-success btn-sm"
                          type="button"
                        >
                          Login
                        </button>
                      </Link>
                    </li>,
                    <li>
                      <Link
                        replace={false}
                        to="/register"
                      >
                        <button
                          className="btn-primary btn-sm"
                          type="button"
                        >
                          Register
                        </button>
                      </Link>
                    </li>,
                  ],
                  "className": "btn-group",
                },
                "ref": null,
                "rendered": Array [
                  Object {
                    "instance": null,
                    "key": undefined,
                    "nodeType": "host",
                    "props": Object {
                      "children": <Link
                        replace={false}
                        to="/login"
                      >
                        <button
                          className="btn-success btn-sm"
                          type="button"
                        >
                          Login
                        </button>
                      </Link>,
                    },
                    "ref": null,
                    "rendered": Object {
                      "instance": null,
                      "key": undefined,
                      "nodeType": "class",
                      "props": Object {
                        "children": <button
                          className="btn-success btn-sm"
                          type="button"
                        >
                          Login
                        </button>,
                        "replace": false,
                        "to": "/login",
                      },
                      "ref": null,
                      "rendered": Object {
                        "instance": null,
                        "key": undefined,
                        "nodeType": "host",
                        "props": Object {
                          "children": "Login",
                          "className": "btn-success btn-sm",
                          "type": "button",
                        },
                        "ref": null,
                        "rendered": "Login",
                        "type": "button",
                      },
                      "type": [Function],
                    },
                    "type": "li",
                  },
                  Object {
                    "instance": null,
                    "key": undefined,
                    "nodeType": "host",
                    "props": Object {
                      "children": <Link
                        replace={false}
                        to="/register"
                      >
                        <button
                          className="btn-primary btn-sm"
                          type="button"
                        >
                          Register
                        </button>
                      </Link>,
                    },
                    "ref": null,
                    "rendered": Object {
                      "instance": null,
                      "key": undefined,
                      "nodeType": "class",
                      "props": Object {
                        "children": <button
                          className="btn-primary btn-sm"
                          type="button"
                        >
                          Register
                        </button>,
                        "replace": false,
                        "to": "/register",
                      },
                      "ref": null,
                      "rendered": Object {
                        "instance": null,
                        "key": undefined,
                        "nodeType": "host",
                        "props": Object {
                          "children": "Register",
                          "className": "btn-primary btn-sm",
                          "type": "button",
                        },
                        "ref": null,
                        "rendered": "Register",
                        "type": "button",
                      },
                      "type": [Function],
                    },
                    "type": "li",
                  },
                ],
                "type": "div",
              },
            ],
            "type": "ul",
          },
        ],
        "type": "div",
      },
      "type": "nav",
    },
    "type": "div",
  },
  Symbol(enzyme.__nodes__): Array [
    Object {
      "instance": null,
      "key": undefined,
      "nodeType": "host",
      "props": Object {
        "children": <nav
          className="indigo"
        >
          <div
            className="nav-wrapper "
          >
            <Link
              className="left"
              replace={false}
              style={
                Object {
                  "color": "white",
                  "fontSize": "30px",
                  "paddingLeft": "10px",
                  "textDecoration": "none",
                }
              }
              to="/"
            >
              The Events Manager
            </Link>
            <ul
              className="right hide-on-med-and-down"
              style={
                Object {
                  "paddingRight": "20px",
                }
              }
            >
              <li>
                <Link
                  replace={false}
                  to="/"
                >
                  Home
                </Link>
              </li>
              <li>
                <Link
                  replace={false}
                  to="/contact-us"
                >
                  Contact Us
                </Link>
              </li>
              <div
                className="btn-group"
              >
                <li>
                  <Link
                    replace={false}
                    to="/login"
                  >
                    <button
                      className="btn-success btn-sm"
                      type="button"
                    >
                      Login
                    </button>
                  </Link>
                </li>
                <li>
                  <Link
                    replace={false}
                    to="/register"
                  >
                    <button
                      className="btn-primary btn-sm"
                      type="button"
                    >
                      Register
                    </button>
                  </Link>
                </li>
              </div>
            </ul>
          </div>
        </nav>,
      },
      "ref": null,
      "rendered": Object {
        "instance": null,
        "key": undefined,
        "nodeType": "host",
        "props": Object {
          "children": <div
            className="nav-wrapper "
          >
            <Link
              className="left"
              replace={false}
              style={
                Object {
                  "color": "white",
                  "fontSize": "30px",
                  "paddingLeft": "10px",
                  "textDecoration": "none",
                }
              }
              to="/"
            >
              The Events Manager
            </Link>
            <ul
              className="right hide-on-med-and-down"
              style={
                Object {
                  "paddingRight": "20px",
                }
              }
            >
              <li>
                <Link
                  replace={false}
                  to="/"
                >
                  Home
                </Link>
              </li>
              <li>
                <Link
                  replace={false}
                  to="/contact-us"
                >
                  Contact Us
                </Link>
              </li>
              <div
                className="btn-group"
              >
                <li>
                  <Link
                    replace={false}
                    to="/login"
                  >
                    <button
                      className="btn-success btn-sm"
                      type="button"
                    >
                      Login
                    </button>
                  </Link>
                </li>
                <li>
                  <Link
                    replace={false}
                    to="/register"
                  >
                    <button
                      className="btn-primary btn-sm"
                      type="button"
                    >
                      Register
                    </button>
                  </Link>
                </li>
              </div>
            </ul>
          </div>,
          "className": "indigo",
        },
        "ref": null,
        "rendered": Object {
          "instance": null,
          "key": undefined,
          "nodeType": "host",
          "props": Object {
            "children": Array [
              <Link
                className="left"
                replace={false}
                style={
                  Object {
                    "color": "white",
                    "fontSize": "30px",
                    "paddingLeft": "10px",
                    "textDecoration": "none",
                  }
                }
                to="/"
              >
                The Events Manager
              </Link>,
              <ul
                className="right hide-on-med-and-down"
                style={
                  Object {
                    "paddingRight": "20px",
                  }
                }
              >
                <li>
                  <Link
                    replace={false}
                    to="/"
                  >
                    Home
                  </Link>
                </li>
                <li>
                  <Link
                    replace={false}
                    to="/contact-us"
                  >
                    Contact Us
                  </Link>
                </li>
                <div
                  className="btn-group"
                >
                  <li>
                    <Link
                      replace={false}
                      to="/login"
                    >
                      <button
                        className="btn-success btn-sm"
                        type="button"
                      >
                        Login
                      </button>
                    </Link>
                  </li>
                  <li>
                    <Link
                      replace={false}
                      to="/register"
                    >
                      <button
                        className="btn-primary btn-sm"
                        type="button"
                      >
                        Register
                      </button>
                    </Link>
                  </li>
                </div>
              </ul>,
            ],
            "className": "nav-wrapper ",
          },
          "ref": null,
          "rendered": Array [
            Object {
              "instance": null,
              "key": undefined,
              "nodeType": "class",
              "props": Object {
                "children": "The Events Manager",
                "className": "left",
                "replace": false,
                "style": Object {
                  "color": "white",
                  "fontSize": "30px",
                  "paddingLeft": "10px",
                  "textDecoration": "none",
                },
                "to": "/",
              },
              "ref": null,
              "rendered": "The Events Manager",
              "type": [Function],
            },
            Object {
              "instance": null,
              "key": undefined,
              "nodeType": "host",
              "props": Object {
                "children": Array [
                  <li>
                    <Link
                      replace={false}
                      to="/"
                    >
                      Home
                    </Link>
                  </li>,
                  <li>
                    <Link
                      replace={false}
                      to="/contact-us"
                    >
                      Contact Us
                    </Link>
                  </li>,
                  undefined,
                  <div
                    className="btn-group"
                  >
                    <li>
                      <Link
                        replace={false}
                        to="/login"
                      >
                        <button
                          className="btn-success btn-sm"
                          type="button"
                        >
                          Login
                        </button>
                      </Link>
                    </li>
                    <li>
                      <Link
                        replace={false}
                        to="/register"
                      >
                        <button
                          className="btn-primary btn-sm"
                          type="button"
                        >
                          Register
                        </button>
                      </Link>
                    </li>
                  </div>,
                ],
                "className": "right hide-on-med-and-down",
                "style": Object {
                  "paddingRight": "20px",
                },
              },
              "ref": null,
              "rendered": Array [
                Object {
                  "instance": null,
                  "key": undefined,
                  "nodeType": "host",
                  "props": Object {
                    "children": <Link
                      replace={false}
                      to="/"
                    >
                      Home
                    </Link>,
                  },
                  "ref": null,
                  "rendered": Object {
                    "instance": null,
                    "key": undefined,
                    "nodeType": "class",
                    "props": Object {
                      "children": "Home",
                      "replace": false,
                      "to": "/",
                    },
                    "ref": null,
                    "rendered": "Home",
                    "type": [Function],
                  },
                  "type": "li",
                },
                Object {
                  "instance": null,
                  "key": undefined,
                  "nodeType": "host",
                  "props": Object {
                    "children": <Link
                      replace={false}
                      to="/contact-us"
                    >
                      Contact Us
                    </Link>,
                  },
                  "ref": null,
                  "rendered": Object {
                    "instance": null,
                    "key": undefined,
                    "nodeType": "class",
                    "props": Object {
                      "children": "Contact Us",
                      "replace": false,
                      "to": "/contact-us",
                    },
                    "ref": null,
                    "rendered": "Contact Us",
                    "type": [Function],
                  },
                  "type": "li",
                },
                undefined,
                Object {
                  "instance": null,
                  "key": undefined,
                  "nodeType": "host",
                  "props": Object {
                    "children": Array [
                      <li>
                        <Link
                          replace={false}
                          to="/login"
                        >
                          <button
                            className="btn-success btn-sm"
                            type="button"
                          >
                            Login
                          </button>
                        </Link>
                      </li>,
                      <li>
                        <Link
                          replace={false}
                          to="/register"
                        >
                          <button
                            className="btn-primary btn-sm"
                            type="button"
                          >
                            Register
                          </button>
                        </Link>
                      </li>,
                    ],
                    "className": "btn-group",
                  },
                  "ref": null,
                  "rendered": Array [
                    Object {
                      "instance": null,
                      "key": undefined,
                      "nodeType": "host",
                      "props": Object {
                        "children": <Link
                          replace={false}
                          to="/login"
                        >
                          <button
                            className="btn-success btn-sm"
                            type="button"
                          >
                            Login
                          </button>
                        </Link>,
                      },
                      "ref": null,
                      "rendered": Object {
                        "instance": null,
                        "key": undefined,
                        "nodeType": "class",
                        "props": Object {
                          "children": <button
                            className="btn-success btn-sm"
                            type="button"
                          >
                            Login
                          </button>,
                          "replace": false,
                          "to": "/login",
                        },
                        "ref": null,
                        "rendered": Object {
                          "instance": null,
                          "key": undefined,
                          "nodeType": "host",
                          "props": Object {
                            "children": "Login",
                            "className": "btn-success btn-sm",
                            "type": "button",
                          },
                          "ref": null,
                          "rendered": "Login",
                          "type": "button",
                        },
                        "type": [Function],
                      },
                      "type": "li",
                    },
                    Object {
                      "instance": null,
                      "key": undefined,
                      "nodeType": "host",
                      "props": Object {
                        "children": <Link
                          replace={false}
                          to="/register"
                        >
                          <button
                            className="btn-primary btn-sm"
                            type="button"
                          >
                            Register
                          </button>
                        </Link>,
                      },
                      "ref": null,
                      "rendered": Object {
                        "instance": null,
                        "key": undefined,
                        "nodeType": "class",
                        "props": Object {
                          "children": <button
                            className="btn-primary btn-sm"
                            type="button"
                          >
                            Register
                          </button>,
                          "replace": false,
                          "to": "/register",
                        },
                        "ref": null,
                        "rendered": Object {
                          "instance": null,
                          "key": undefined,
                          "nodeType": "host",
                          "props": Object {
                            "children": "Register",
                            "className": "btn-primary btn-sm",
                            "type": "button",
                          },
                          "ref": null,
                          "rendered": "Register",
                          "type": "button",
                        },
                        "type": [Function],
                      },
                      "type": "li",
                    },
                  ],
                  "type": "div",
                },
              ],
              "type": "ul",
            },
          ],
          "type": "div",
        },
        "type": "nav",
      },
      "type": "div",
    },
  ],
  Symbol(enzyme.__options__): Object {
    "adapter": ReactSixteenAdapter {
      "options": Object {
        "enableComponentDidUpdateOnSetState": true,
      },
    },
  },
}
`;
