// Jest Snapshot v1, https://goo.gl/fbAQLP

exports[`Login Component renders component successfully 1`] = `
ShallowWrapper {
  "length": 1,
  Symbol(enzyme.__root__): [Circular],
  Symbol(enzyme.__unrendered__): <Search
    changeSearchState={[MockFunction]}
    clearCenterState={[MockFunction]}
    getAllCenters={[MockFunction]}
    resetPage={[MockFunction]}
  />,
  Symbol(enzyme.__renderer__): Object {
    "batchedUpdates": [Function],
    "getNode": [Function],
    "render": [Function],
    "simulateEvent": [Function],
    "unmount": [Function],
  },
  Symbol(enzyme.__node__): Object {
    "instance": null,
    "key": undefined,
    "nodeType": "host",
    "props": Object {
      "children": <form
        className="col s12 full-width"
      >
        <div
          className="input-field col s12 l3"
        >
          <label
            htmlFor="filter"
          >
            Name or Location
          </label>
          <input
            className="validate"
            id="filter"
            name="filter"
            onChange={[Function]}
            type="search"
            value=""
          />
        </div>
        <div
          className="input-field col s12 l4"
        >
          <label
            htmlFor="facility"
          >
            Facility
          </label>
          <input
            className="validate"
            id="facility"
            name="facility"
            onChange={[Function]}
            type="search"
            value=""
          />
        </div>
        <div
          className="input-field col s12 l1"
        >
          <label
            htmlFor="capacity"
          >
            Capacity
          </label>
          <input
            className="validate"
            id="capacity"
            min="1"
            name="capacity"
            onChange={[Function]}
            type="number"
            value=""
          />
        </div>
        <div
          className="input-field col s12 l4"
        >
          <button
            className="btn peach-gradient btn-sm"
            onClick={[Function]}
            type="submit"
          >
            search
          </button>
          <button
            className="btn peach-gradient btn-sm"
            onClick={[Function]}
          >
            Clear Search
          </button>
        </div>
      </form>,
    },
    "ref": null,
    "rendered": Object {
      "instance": null,
      "key": undefined,
      "nodeType": "host",
      "props": Object {
        "children": Array [
          <div
            className="input-field col s12 l3"
          >
            <label
              htmlFor="filter"
            >
              Name or Location
            </label>
            <input
              className="validate"
              id="filter"
              name="filter"
              onChange={[Function]}
              type="search"
              value=""
            />
          </div>,
          <div
            className="input-field col s12 l4"
          >
            <label
              htmlFor="facility"
            >
              Facility
            </label>
            <input
              className="validate"
              id="facility"
              name="facility"
              onChange={[Function]}
              type="search"
              value=""
            />
          </div>,
          <div
            className="input-field col s12 l1"
          >
            <label
              htmlFor="capacity"
            >
              Capacity
            </label>
            <input
              className="validate"
              id="capacity"
              min="1"
              name="capacity"
              onChange={[Function]}
              type="number"
              value=""
            />
          </div>,
          <div
            className="input-field col s12 l4"
          >
            <button
              className="btn peach-gradient btn-sm"
              onClick={[Function]}
              type="submit"
            >
              search
            </button>
            <button
              className="btn peach-gradient btn-sm"
              onClick={[Function]}
            >
              Clear Search
            </button>
          </div>,
        ],
        "className": "col s12 full-width",
      },
      "ref": null,
      "rendered": Array [
        Object {
          "instance": null,
          "key": undefined,
          "nodeType": "host",
          "props": Object {
            "children": Array [
              <label
                htmlFor="filter"
              >
                Name or Location
              </label>,
              <input
                className="validate"
                id="filter"
                name="filter"
                onChange={[Function]}
                type="search"
                value=""
              />,
            ],
            "className": "input-field col s12 l3",
          },
          "ref": null,
          "rendered": Array [
            Object {
              "instance": null,
              "key": undefined,
              "nodeType": "host",
              "props": Object {
                "children": "Name or Location",
                "htmlFor": "filter",
              },
              "ref": null,
              "rendered": "Name or Location",
              "type": "label",
            },
            Object {
              "instance": null,
              "key": undefined,
              "nodeType": "host",
              "props": Object {
                "className": "validate",
                "id": "filter",
                "name": "filter",
                "onChange": [Function],
                "type": "search",
                "value": "",
              },
              "ref": null,
              "rendered": null,
              "type": "input",
            },
          ],
          "type": "div",
        },
        Object {
          "instance": null,
          "key": undefined,
          "nodeType": "host",
          "props": Object {
            "children": Array [
              <label
                htmlFor="facility"
              >
                Facility
              </label>,
              <input
                className="validate"
                id="facility"
                name="facility"
                onChange={[Function]}
                type="search"
                value=""
              />,
            ],
            "className": "input-field col s12 l4",
          },
          "ref": null,
          "rendered": Array [
            Object {
              "instance": null,
              "key": undefined,
              "nodeType": "host",
              "props": Object {
                "children": "Facility",
                "htmlFor": "facility",
              },
              "ref": null,
              "rendered": "Facility",
              "type": "label",
            },
            Object {
              "instance": null,
              "key": undefined,
              "nodeType": "host",
              "props": Object {
                "className": "validate",
                "id": "facility",
                "name": "facility",
                "onChange": [Function],
                "type": "search",
                "value": "",
              },
              "ref": null,
              "rendered": null,
              "type": "input",
            },
          ],
          "type": "div",
        },
        Object {
          "instance": null,
          "key": undefined,
          "nodeType": "host",
          "props": Object {
            "children": Array [
              <label
                htmlFor="capacity"
              >
                Capacity
              </label>,
              <input
                className="validate"
                id="capacity"
                min="1"
                name="capacity"
                onChange={[Function]}
                type="number"
                value=""
              />,
            ],
            "className": "input-field col s12 l1",
          },
          "ref": null,
          "rendered": Array [
            Object {
              "instance": null,
              "key": undefined,
              "nodeType": "host",
              "props": Object {
                "children": "Capacity",
                "htmlFor": "capacity",
              },
              "ref": null,
              "rendered": "Capacity",
              "type": "label",
            },
            Object {
              "instance": null,
              "key": undefined,
              "nodeType": "host",
              "props": Object {
                "className": "validate",
                "id": "capacity",
                "min": "1",
                "name": "capacity",
                "onChange": [Function],
                "type": "number",
                "value": "",
              },
              "ref": null,
              "rendered": null,
              "type": "input",
            },
          ],
          "type": "div",
        },
        Object {
          "instance": null,
          "key": undefined,
          "nodeType": "host",
          "props": Object {
            "children": Array [
              <button
                className="btn peach-gradient btn-sm"
                onClick={[Function]}
                type="submit"
              >
                search
              </button>,
              <button
                className="btn peach-gradient btn-sm"
                onClick={[Function]}
              >
                Clear Search
              </button>,
            ],
            "className": "input-field col s12 l4",
          },
          "ref": null,
          "rendered": Array [
            Object {
              "instance": null,
              "key": undefined,
              "nodeType": "host",
              "props": Object {
                "children": "search",
                "className": "btn peach-gradient btn-sm",
                "onClick": [Function],
                "type": "submit",
              },
              "ref": null,
              "rendered": "search",
              "type": "button",
            },
            Object {
              "instance": null,
              "key": undefined,
              "nodeType": "host",
              "props": Object {
                "children": "Clear Search",
                "className": "btn peach-gradient btn-sm",
                "onClick": [Function],
              },
              "ref": null,
              "rendered": "Clear Search",
              "type": "button",
            },
          ],
          "type": "div",
        },
      ],
      "type": "form",
    },
    "type": "div",
  },
  Symbol(enzyme.__nodes__): Array [
    Object {
      "instance": null,
      "key": undefined,
      "nodeType": "host",
      "props": Object {
        "children": <form
          className="col s12 full-width"
        >
          <div
            className="input-field col s12 l3"
          >
            <label
              htmlFor="filter"
            >
              Name or Location
            </label>
            <input
              className="validate"
              id="filter"
              name="filter"
              onChange={[Function]}
              type="search"
              value=""
            />
          </div>
          <div
            className="input-field col s12 l4"
          >
            <label
              htmlFor="facility"
            >
              Facility
            </label>
            <input
              className="validate"
              id="facility"
              name="facility"
              onChange={[Function]}
              type="search"
              value=""
            />
          </div>
          <div
            className="input-field col s12 l1"
          >
            <label
              htmlFor="capacity"
            >
              Capacity
            </label>
            <input
              className="validate"
              id="capacity"
              min="1"
              name="capacity"
              onChange={[Function]}
              type="number"
              value=""
            />
          </div>
          <div
            className="input-field col s12 l4"
          >
            <button
              className="btn peach-gradient btn-sm"
              onClick={[Function]}
              type="submit"
            >
              search
            </button>
            <button
              className="btn peach-gradient btn-sm"
              onClick={[Function]}
            >
              Clear Search
            </button>
          </div>
        </form>,
      },
      "ref": null,
      "rendered": Object {
        "instance": null,
        "key": undefined,
        "nodeType": "host",
        "props": Object {
          "children": Array [
            <div
              className="input-field col s12 l3"
            >
              <label
                htmlFor="filter"
              >
                Name or Location
              </label>
              <input
                className="validate"
                id="filter"
                name="filter"
                onChange={[Function]}
                type="search"
                value=""
              />
            </div>,
            <div
              className="input-field col s12 l4"
            >
              <label
                htmlFor="facility"
              >
                Facility
              </label>
              <input
                className="validate"
                id="facility"
                name="facility"
                onChange={[Function]}
                type="search"
                value=""
              />
            </div>,
            <div
              className="input-field col s12 l1"
            >
              <label
                htmlFor="capacity"
              >
                Capacity
              </label>
              <input
                className="validate"
                id="capacity"
                min="1"
                name="capacity"
                onChange={[Function]}
                type="number"
                value=""
              />
            </div>,
            <div
              className="input-field col s12 l4"
            >
              <button
                className="btn peach-gradient btn-sm"
                onClick={[Function]}
                type="submit"
              >
                search
              </button>
              <button
                className="btn peach-gradient btn-sm"
                onClick={[Function]}
              >
                Clear Search
              </button>
            </div>,
          ],
          "className": "col s12 full-width",
        },
        "ref": null,
        "rendered": Array [
          Object {
            "instance": null,
            "key": undefined,
            "nodeType": "host",
            "props": Object {
              "children": Array [
                <label
                  htmlFor="filter"
                >
                  Name or Location
                </label>,
                <input
                  className="validate"
                  id="filter"
                  name="filter"
                  onChange={[Function]}
                  type="search"
                  value=""
                />,
              ],
              "className": "input-field col s12 l3",
            },
            "ref": null,
            "rendered": Array [
              Object {
                "instance": null,
                "key": undefined,
                "nodeType": "host",
                "props": Object {
                  "children": "Name or Location",
                  "htmlFor": "filter",
                },
                "ref": null,
                "rendered": "Name or Location",
                "type": "label",
              },
              Object {
                "instance": null,
                "key": undefined,
                "nodeType": "host",
                "props": Object {
                  "className": "validate",
                  "id": "filter",
                  "name": "filter",
                  "onChange": [Function],
                  "type": "search",
                  "value": "",
                },
                "ref": null,
                "rendered": null,
                "type": "input",
              },
            ],
            "type": "div",
          },
          Object {
            "instance": null,
            "key": undefined,
            "nodeType": "host",
            "props": Object {
              "children": Array [
                <label
                  htmlFor="facility"
                >
                  Facility
                </label>,
                <input
                  className="validate"
                  id="facility"
                  name="facility"
                  onChange={[Function]}
                  type="search"
                  value=""
                />,
              ],
              "className": "input-field col s12 l4",
            },
            "ref": null,
            "rendered": Array [
              Object {
                "instance": null,
                "key": undefined,
                "nodeType": "host",
                "props": Object {
                  "children": "Facility",
                  "htmlFor": "facility",
                },
                "ref": null,
                "rendered": "Facility",
                "type": "label",
              },
              Object {
                "instance": null,
                "key": undefined,
                "nodeType": "host",
                "props": Object {
                  "className": "validate",
                  "id": "facility",
                  "name": "facility",
                  "onChange": [Function],
                  "type": "search",
                  "value": "",
                },
                "ref": null,
                "rendered": null,
                "type": "input",
              },
            ],
            "type": "div",
          },
          Object {
            "instance": null,
            "key": undefined,
            "nodeType": "host",
            "props": Object {
              "children": Array [
                <label
                  htmlFor="capacity"
                >
                  Capacity
                </label>,
                <input
                  className="validate"
                  id="capacity"
                  min="1"
                  name="capacity"
                  onChange={[Function]}
                  type="number"
                  value=""
                />,
              ],
              "className": "input-field col s12 l1",
            },
            "ref": null,
            "rendered": Array [
              Object {
                "instance": null,
                "key": undefined,
                "nodeType": "host",
                "props": Object {
                  "children": "Capacity",
                  "htmlFor": "capacity",
                },
                "ref": null,
                "rendered": "Capacity",
                "type": "label",
              },
              Object {
                "instance": null,
                "key": undefined,
                "nodeType": "host",
                "props": Object {
                  "className": "validate",
                  "id": "capacity",
                  "min": "1",
                  "name": "capacity",
                  "onChange": [Function],
                  "type": "number",
                  "value": "",
                },
                "ref": null,
                "rendered": null,
                "type": "input",
              },
            ],
            "type": "div",
          },
          Object {
            "instance": null,
            "key": undefined,
            "nodeType": "host",
            "props": Object {
              "children": Array [
                <button
                  className="btn peach-gradient btn-sm"
                  onClick={[Function]}
                  type="submit"
                >
                  search
                </button>,
                <button
                  className="btn peach-gradient btn-sm"
                  onClick={[Function]}
                >
                  Clear Search
                </button>,
              ],
              "className": "input-field col s12 l4",
            },
            "ref": null,
            "rendered": Array [
              Object {
                "instance": null,
                "key": undefined,
                "nodeType": "host",
                "props": Object {
                  "children": "search",
                  "className": "btn peach-gradient btn-sm",
                  "onClick": [Function],
                  "type": "submit",
                },
                "ref": null,
                "rendered": "search",
                "type": "button",
              },
              Object {
                "instance": null,
                "key": undefined,
                "nodeType": "host",
                "props": Object {
                  "children": "Clear Search",
                  "className": "btn peach-gradient btn-sm",
                  "onClick": [Function],
                },
                "ref": null,
                "rendered": "Clear Search",
                "type": "button",
              },
            ],
            "type": "div",
          },
        ],
        "type": "form",
      },
      "type": "div",
    },
  ],
  Symbol(enzyme.__options__): Object {
    "adapter": ReactSixteenAdapter {
      "options": Object {
        "enableComponentDidUpdateOnSetState": true,
      },
    },
  },
}
`;
